
> dot-app@1.0.0 build
> next build

▲ Next.js 16.1.6 (Turbopack)
- Environments: .env.local, .env.production
- Experiments (use with caution):
  · serverActions

  Creating an optimized production build ...
✓ Compiled successfully in 7.4s
  Running TypeScript ...
Failed to compile.

./app/dashboard/housing/leaderboard/page.tsx:4:10
Type error: Module '"@/lib/domain/entities"' has no exported member 'LeaderboardEntry'.

[0m [90m 2 |[39m [36mimport[39m { [33mMedal[39m[33m,[39m [33mTrophy[39m } [36mfrom[39m [32m"lucide-react"[39m[33m;[39m
 [90m 3 |[39m
[31m[1m>[22m[39m[90m 4 |[39m [36mimport[39m { [33mLeaderboardEntry[39m } [36mfrom[39m [32m"@/lib/domain/entities"[39m[33m;[39m
 [90m   |[39m          [31m[1m^[22m[39m
 [90m 5 |[39m
 [90m 6 |[39m [36mexport[39m [36mconst[39m dynamic [33m=[39m [32m"force-dynamic"[39m[33m;[39m
 [90m 7 |[39m[0m
Next.js build worker exited with code: 1 and signal: null
