lib/actions/dashboard.actions.ts(49,50): error TS2339: Property 'documents' does not exist on type 'HousingTask[]'.
lib/actions/dashboard.actions.ts(50,34): error TS2339: Property 'documents' does not exist on type 'HousingTask[]'.
lib/actions/housing.actions.ts(34,42): error TS2339: Property 'documents' does not exist on type 'HousingTask[]'.
lib/actions/housing.actions.ts(51,42): error TS2339: Property 'documents' does not exist on type 'HousingTask[]'.
lib/actions/housing.actions.ts(165,40): error TS2339: Property 'documents' does not exist on type 'HousingTask[]'.
lib/actions/housing.actions.ts(196,9): error TS18047: 'task' is possibly 'null'.
lib/actions/housing.actions.ts(200,24): error TS2554: Expected 2 arguments, but got 1.
lib/actions/housing.actions.ts(219,24): error TS2554: Expected 2-3 arguments, but got 1.
lib/actions/housing.actions.ts(243,24): error TS2554: Expected 2 arguments, but got 1.
lib/actions/housing.actions.ts(293,46): error TS2345: Argument of type 'string | null' is not assignable to parameter of type 'string'.
  Type 'null' is not assignable to type 'string'.
lib/actions/housing.actions.ts(398,9): error TS18047: 'task' is possibly 'null'.
lib/actions/housing.actions.ts(416,61): error TS18047: 'task' is possibly 'null'.
lib/actions/housing.actions.ts(427,9): error TS18047: 'task' is possibly 'null'.
lib/actions/housing.actions.ts(428,50): error TS18047: 'task' is possibly 'null'.
lib/application/handlers/notification.handler.ts(33,30): error TS2304: Cannot find name 'TaskClaimedEvent'.
lib/application/handlers/notification.handler.ts(45,30): error TS2552: Cannot find name 'TaskCreatedEvent'. Did you mean 'TaskRejectedEvent'?
lib/application/handlers/notification.handler.ts(46,18): error TS2339: Property 'TASK_CREATED' does not exist on type 'typeof TaskEvents'.
lib/application/services/task/admin.service.ts(4,10): error TS2305: Module '"@/lib/domain/events"' has no exported member 'DomainEventBus'.
lib/application/services/task/admin.service.ts(19,7): error TS2304: Cannot find name 'ID'.
lib/application/services/task/admin.service.ts(32,47): error TS2339: Property 'TASK_CREATED' does not exist on type 'typeof TaskEvents'.
lib/application/services/task/duty.service.ts(4,10): error TS2305: Module '"@/lib/domain/events"' has no exported member 'DomainEventBus'.
lib/application/services/task/query.service.ts(55,17): error TS2339: Property 'DomainEventBus' does not exist on type 'typeof import("C:/Users/pdcar/GitHub/taunufiji-dot-app/lib/domain/events/index")'.
lib/application/services/task/schedule.service.ts(58,17): error TS2339: Property 'DomainEventBus' does not exist on type 'typeof import("C:/Users/pdcar/GitHub/taunufiji-dot-app/lib/domain/events/index")'.
lib/application/services/task/schedule.service.ts(60,49): error TS2339: Property 'TASK_CREATED' does not exist on type 'typeof TaskEvents'.
lib/application/services/task/schedule.service.ts(89,38): error TS2339: Property 'completed_at' does not exist on type 'HousingTask'.
lib/application/services/task/schedule.service.ts(90,31): error TS2339: Property 'completed_at' does not exist on type 'HousingTask'.
lib/application/services/task/schedule.service.ts(95,34): error TS2339: Property 'completed_at' does not exist on type 'HousingTask'.
lib/application/services/task/schedule.service.ts(96,31): error TS2339: Property 'completed_at' does not exist on type 'HousingTask'.
lib/application/services/task/schedule.service.ts(104,16): error TS2339: Property 'lead_time_hours' does not exist on type 'HousingSchedule'.
